// Jest Snapshot v1, https://goo.gl/fbAQLP

exports[`Test Dragon section functionality  snapshot 1`] = `
<div>
  <ul
    className="ul"
  />
</div>
`;
